> Task :app:preBuild UP-TO-DATE
> Task :app:preDebugBuild UP-TO-DATE
> Task :app:mergeDebugNativeDebugMetadata NO-SOURCE
> Task :app:checkKotlinGradlePluginConfigurationErrors
> Task :app:checkDebugAarMetadata UP-TO-DATE
> Task :app:generateDebugResValues UP-TO-DATE
> Task :app:processDebugGoogleServices UP-TO-DATE
> Task :app:mapDebugSourceSetPaths UP-TO-DATE
> Task :app:generateDebugResources UP-TO-DATE
> Task :app:mergeDebugResources UP-TO-DATE
> Task :app:packageDebugResources UP-TO-DATE
> Task :app:parseDebugLocalResources UP-TO-DATE
> Task :app:createDebugCompatibleScreenManifests UP-TO-DATE
> Task :app:extractDeepLinksDebug UP-TO-DATE
> Task :app:processDebugMainManifest UP-TO-DATE
> Task :app:processDebugManifest UP-TO-DATE
> Task :app:processDebugManifestForPackage UP-TO-DATE
> Task :app:processDebugResources UP-TO-DATE
> Task :app:javaPreCompileDebug UP-TO-DATE
> Task :app:mergeDebugShaders UP-TO-DATE
> Task :app:compileDebugShaders NO-SOURCE
> Task :app:generateDebugAssets UP-TO-DATE
> Task :app:mergeDebugAssets UP-TO-DATE
> Task :app:compressDebugAssets UP-TO-DATE
> Task :app:desugarDebugFileDependencies UP-TO-DATE
> Task :app:checkDebugDuplicateClasses UP-TO-DATE
> Task :app:mergeExtDexDebug UP-TO-DATE
> Task :app:mergeLibDexDebug UP-TO-DATE
> Task :app:mergeDebugJniLibFolders UP-TO-DATE
> Task :app:mergeDebugNativeLibs NO-SOURCE
> Task :app:stripDebugDebugSymbols NO-SOURCE
> Task :app:validateSigningDebug UP-TO-DATE
> Task :app:writeDebugAppMetadata UP-TO-DATE
> Task :app:writeDebugSigningConfigVersions UP-TO-DATE

> Task :app:kaptGenerateStubsDebugKotlin
.\gradlew : e: file:///C:/Users/priya/AndroidStudioPro
jects/VisitorsLogs/app/src/main/java/com/example/visit
orslogs/ui/admin/AdminDashboardScreen.kt:127:15 
Unexpected tokens (use ';' to separate expressions on 
the same line)
At line:1 char:1
+ .\gradlew assembleDebug > build_output.txt 2>&1
+ ~~~~~~~~~~~~~~~~~~~~~~~~~~~~~~~~~~~~~~~~~~~~~~~
    + CategoryInfo          : NotSpecified: (e: file: 
   ///C:/U... the same line):String) [], RemoteExcep  
  tion
    + FullyQualifiedErrorId : NativeCommandError
 
e: file:///C:/Users/priya/AndroidStudioProjects/Visito
rsLogs/app/src/main/java/com/example/visitorslogs/ui/g
uard/AddVisitorDialog.kt:81:14 Expecting ')'
e: file:///C:/Users/priya/AndroidStudioProjects/Visito
rsLogs/app/src/main/java/com/example/visitorslogs/ui/g
uard/AddVisitorDialog.kt:82:10 Expecting a top level 
declaration
e: file:///C:/Users/priya/AndroidStudioProjects/Visito
rsLogs/app/src/main/java/com/example/visitorslogs/ui/g
uard/AddVisitorDialog.kt:83:9 Expecting a top level 
declaration
e: file:///C:/Users/priya/AndroidStudioProjects/Visito
rsLogs/app/src/main/java/com/example/visitorslogs/ui/g
uard/AddVisitorDialog.kt:83:23 Expecting a top level 
declaration
e: file:///C:/Users/priya/AndroidStudioProjects/Visito
rsLogs/app/src/main/java/com/example/visitorslogs/ui/g
uard/AddVisitorDialog.kt:83:25 Expecting a top level 
declaration
e: file:///C:/Users/priya/AndroidStudioProjects/Visito
rsLogs/app/src/main/java/com/example/visitorslogs/ui/g
uard/AddVisitorDialog.kt:88:5 Expecting a top level 
declaration
e: file:///C:/Users/priya/AndroidStudioProjects/Visito
rsLogs/app/src/main/java/com/example/visitorslogs/ui/g
uard/AddVisitorDialog.kt:89:1 Expecting a top level 
declaration

> Task :app:kaptGenerateStubsDebugKotlin FAILED

FAILURE: Build failed with an exception.

* What went wrong:
Execution failed for task 
':app:kaptGenerateStubsDebugKotlin'.
> A failure occurred while executing org.jetbrains.kot
lin.compilerRunner.GradleCompilerRunnerWithWorkers$Gra
dleKotlinCompilerWorkAction
   > Compilation error. See log for more details

* Try:
> Run with --stacktrace option to get the stack trace.
> Run with --info or --debug option to get more log 
output.
> Run with --scan to get full insights.
> Get more help at https://help.gradle.org.

BUILD FAILED in 9s
28 actionable tasks: 2 executed, 26 up-to-date
